// Jest Snapshot v1, https://goo.gl/fbAQLP

exports[`Topbar tests renders Topbar component unchanged 1`] = `
<div>
  <nav
    class="topbar"
  >
    <div
      class="topbar__logoSection"
    >
      <div>
        <img
          alt="lendsqr logo"
          data-nimg="1"
          decoding="async"
          height="40"
          loading="lazy"
          src="/_next/image?url=%2Fimg.jpg&w=96&q=75"
          srcset="/_next/image?url=%2Fimg.jpg&w=48&q=75 1x, /_next/image?url=%2Fimg.jpg&w=96&q=75 2x"
          style="color: transparent;"
          width="40"
        />
      </div>
      <form>
        <input
          placeholder="Search for something"
          type="search"
        />
        <button
          type="submit"
        >
          <img
            alt="search button"
            data-nimg="1"
            decoding="async"
            height="40"
            loading="lazy"
            src="/_next/image?url=%2Fimg.jpg&w=96&q=75"
            srcset="/_next/image?url=%2Fimg.jpg&w=48&q=75 1x, /_next/image?url=%2Fimg.jpg&w=96&q=75 2x"
            style="color: transparent;"
            width="40"
          />
        </button>
      </form>
    </div>
    <div
      class="topbar__actionButtons"
    >
      <p>
        Docs
      </p>
      <button
        class="iconButton"
      >
        <img
          alt="Notifications Button"
          data-nimg="1"
          decoding="async"
          height="40"
          loading="lazy"
          src="/_next/image?url=%2Fimg.jpg&w=96&q=75"
          srcset="/_next/image?url=%2Fimg.jpg&w=48&q=75 1x, /_next/image?url=%2Fimg.jpg&w=96&q=75 2x"
          style="color: transparent;"
          width="40"
        />
      </button>
      <img
        alt="user avatar"
        class="dummyImage"
        data-nimg="1"
        decoding="async"
        height="40"
        loading="lazy"
        src="/_next/image?url=%2Fimg.jpg&w=96&q=75"
        srcset="/_next/image?url=%2Fimg.jpg&w=48&q=75 1x, /_next/image?url=%2Fimg.jpg&w=96&q=75 2x"
        style="color: transparent;"
        width="40"
      />
      <div
        class="topbar__actionButtons_dropdown"
      >
        <span>
          Adedeji
        </span>
        <button
          class="iconButton"
        >
          <img
            alt="user dropdown button"
            data-nimg="1"
            decoding="async"
            height="40"
            loading="lazy"
            src="/_next/image?url=%2Fimg.jpg&w=96&q=75"
            srcset="/_next/image?url=%2Fimg.jpg&w=48&q=75 1x, /_next/image?url=%2Fimg.jpg&w=96&q=75 2x"
            style="color: transparent;"
            width="40"
          />
        </button>
      </div>
    </div>
  </nav>
</div>
`;
